W1006 23:23:23.681000 61907 /private/tmp/tailtrace-runtime/torch/distributed/elastic/multiprocessing/redirects.py:29] NOTE: Redirects are currently not supported in Windows or MacOs.
W1006 23:23:25.835000 61908 /private/tmp/tailtrace-runtime/torch/distributed/elastic/multiprocessing/redirects.py:29] NOTE: Redirects are currently not supported in Windows or MacOs.
W1006 23:23:25.835000 61909 /private/tmp/tailtrace-runtime/torch/distributed/elastic/multiprocessing/redirects.py:29] NOTE: Redirects are currently not supported in Windows or MacOs.
/tmp/tailtrace-runtime/torch/distributed/checkpoint/filesystem.py:131: UserWarning: TypedStorage is deprecated. It will be removed in the future and UntypedStorage will be the only storage class. This should only matter to you if you are using storages directly.  To access UntypedStorage directly, use tensor.untyped_storage() instead of tensor.storage()
  if tensor.storage().size() != tensor.numel():
/tmp/tailtrace-runtime/torch/distributed/checkpoint/filesystem.py:131: UserWarning: TypedStorage is deprecated. It will be removed in the future and UntypedStorage will be the only storage class. This should only matter to you if you are using storages directly.  To access UntypedStorage directly, use tensor.untyped_storage() instead of tensor.storage()
  if tensor.storage().size() != tensor.numel():
TAILTRACE_PARTIAL_WRITE rank=1 step=4 bytes=4096 code=88
W1006 23:23:26.326000 61907 /private/tmp/tailtrace-runtime/torch/distributed/elastic/multiprocessing/api.py:900] Sending process 61908 closing signal SIGTERM
E1006 23:23:26.348000 61907 /private/tmp/tailtrace-runtime/torch/distributed/elastic/multiprocessing/api.py:874] failed (exitcode: 88) local_rank: 1 (pid: 61909) of binary: /private/tmp/tailtrace-test-env/bin/python
Traceback (most recent call last):
  File "<frozen runpy>", line 198, in _run_module_as_main
  File "<frozen runpy>", line 88, in _run_code
  File "/tmp/tailtrace-runtime/torch/distributed/run.py", line 905, in <module>
    main()
    ~~~~^^
  File "/tmp/tailtrace-runtime/torch/distributed/elastic/multiprocessing/errors/__init__.py", line 357, in wrapper
    return f(*args, **kwargs)
  File "/tmp/tailtrace-runtime/torch/distributed/run.py", line 901, in main
    run(args)
    ~~~^^^^^^
  File "/tmp/tailtrace-runtime/torch/distributed/run.py", line 892, in run
    elastic_launch(
    ~~~~~~~~~~~~~~~
        config=config,
        ~~~~~~~~~~~~~~
        entrypoint=cmd,
        ~~~~~~~~~~~~~~~
    )(*cmd_args)
    ~^^^^^^^^^^^
  File "/tmp/tailtrace-runtime/torch/distributed/launcher/api.py", line 143, in __call__
    return launch_agent(self._config, self._entrypoint, list(args))
  File "/tmp/tailtrace-runtime/torch/distributed/launcher/api.py", line 277, in launch_agent
    raise ChildFailedError(
    ...<2 lines>...
    )
torch.distributed.elastic.multiprocessing.errors.ChildFailedError: 
============================================================
tailtrace.recovery FAILED
------------------------------------------------------------
Failures:
  <NO_OTHER_FAILURES>
------------------------------------------------------------
Root Cause (first observed failure):
[0]:
  time      : 2026-10-06_23:23:26
  host      : 1.0.0.0.0.0.0.0.0.0.0.0.0.0.0.0.0.0.0.0.0.0.0.0.0.0.0.0.0.0.0.0.ip6.arpa
  rank      : 1 (local_rank: 1)
  exitcode  : 88 (pid: 61909)
  error_file: <N/A>
  traceback : To enable traceback see: https://pytorch.org/docs/stable/elastic/errors.html
============================================================
