W1006 23:23:28.004000 61926 /private/tmp/tailtrace-runtime/torch/distributed/elastic/multiprocessing/redirects.py:29] NOTE: Redirects are currently not supported in Windows or MacOs.
[rank0]:W1006 23:23:30.223000 61927 /private/tmp/tailtrace-runtime/torch/distributed/elastic/multiprocessing/redirects.py:29] NOTE: Redirects are currently not supported in Windows or MacOs.
[rank1]:W1006 23:23:30.223000 61928 /private/tmp/tailtrace-runtime/torch/distributed/elastic/multiprocessing/redirects.py:29] NOTE: Redirects are currently not supported in Windows or MacOs.
/tmp/tailtrace-runtime/torch/distributed/checkpoint/filesystem.py:131: UserWarning: TypedStorage is deprecated. It will be removed in the future and UntypedStorage will be the only storage class. This should only matter to you if you are using storages directly.  To access UntypedStorage directly, use tensor.untyped_storage() instead of tensor.storage()
  if tensor.storage().size() != tensor.numel():
/tmp/tailtrace-runtime/torch/distributed/checkpoint/filesystem.py:131: UserWarning: TypedStorage is deprecated. It will be removed in the future and UntypedStorage will be the only storage class. This should only matter to you if you are using storages directly.  To access UntypedStorage directly, use tensor.untyped_storage() instead of tensor.storage()
  if tensor.storage().size() != tensor.numel():
{
  "schema_version": 1,
  "evidence": "observed",
  "run": "/private/tmp/tailtrace-v04-evidence/fault-recovery-cpu/resumed",
  "world_size": 2,
  "timing": "cpu_wall",
  "instrumented": true,
  "measured_steps": 4,
  "median_step_ms": 3.5490409936755896,
  "p95_step_ms": 40.130289227818125,
  "tokens_per_second": 18875.41492497679,
  "mean_padding_fraction": 0.10505125993022166,
  "max_peak_memory_bytes": 0,
  "steps": [],
  "steps_retained": false,
  "workload_sha256": "15a8ef10c8e6f93648ca167fdcc823fa27e2f2cb121cdc444e43da9992b0472c",
  "quantile_method": "exact_external_sqlite_sort",
  "limitations": [
    "Step latency is max rank-local duration, not a clock-aligned global critical path.",
    "Throughput excludes warmup, checkpoint I/O, and post-run collection; wall time is in manifest.",
    "Byte-corpus training exercises systems behavior; loss is not a language quality benchmark."
  ]
}
